[ip.tv.br/index.html]
[backblue.gif]
[fade.gif]
[index.html]
[ip.tv.br/_appdata/img/801ac9fc00525791fd2a48310a07f57d/58b89708312df082cf1fc5fcdce44a5d.png]
[ip.tv.br/js/fullPage/jquery.fullPage.css]
[ajax.googleapis.com/ajax/libs/jquery/1.9.1/jquery.min.js]
[ajax.googleapis.com/ajax/libs/jqueryui/1.9.1/jquery-ui.min.js]
[cdnjs.cloudflare.com/ajax/libs/bootbox.js/4.4.0/bootbox.min.js]
[ip.tv.br/js/fullPage/vendors/jquery.slimscroll.min.js]
[ip.tv.br/js/fullPage/jquery.fullPage.js]
[ip.tv.br/css/bootstrap.css]
[ip.tv.br/css/bootstrap-theme.min.css]
[ip.tv.br/js/bootstrap.min.js]
[ip.tv.br/layout.css]
[ip.tv.br/css/font-awesome/css/font-awesome.min.css]
[ip.tv.br/_appdata/img/801ac9fc00525791fd2a48310a07f57d/043448e6b40f12b701cbd7c973eb711b.jpg]
[ip.tv.br/_appdata/img/aab3238922bcc25a6f606eb525ffdc56/0e5569914d83b466dc3ea3c3114c294a.png]
[ip.tv.br/_appdata/img/801ac9fc00525791fd2a48310a07f57d/index.html]
[ip.tv.br/_appdata/img/aab3238922bcc25a6f606eb525ffdc56/23222f9ccb17eac8e795b7f14dbfb3c2.jpg]
[ip.tv.br/_appdata/img/aab3238922bcc25a6f606eb525ffdc56/3192da7b831ed185f62870fd5495203d.jpg]
[ip.tv.br/_appdata/img/aab3238922bcc25a6f606eb525ffdc56/09ec4970f13e95070b1caebd2d2c126e.jpg]
[ip.tv.br/_appdata/css/aab3238922bcc25a6f606eb525ffdc56.css]
[ip.tv.br/_appdata/img/aab3238922bcc25a6f606eb525ffdc56/index.html]
[ip.tv.br/_appdata/img/aab3238922bcc25a6f606eb525ffdc56/de45d7058fef4c4936bf619d13bc7009.png]
[ip.tv.br/_appdata/img/aab3238922bcc25a6f606eb525ffdc56/614e0f13c4187139a05607e833a47687.png]
[ip.tv.br/_appdata/img/aab3238922bcc25a6f606eb525ffdc56/c16c0b90f2c4c0584650eae2cbeedc76.png]
[www.ip.tv.br/_appdata/img/801ac9fc00525791fd2a48310a07f57d/watching.jpg]
[www2.ip.tv.br/img/sinal.png]
[www2.ip.tv.br/img/atualizacao.png]
[www2.ip.tv.br/img/suporte.png]
[www2.ip.tv.br/img/preco.png]
[www2.ip.tv.br/img/canais.png]
[www2.ip.tv.br/img/simples.png]
[www2.ip.tv.br/img/ferramenta.png]
[www2.ip.tv.br/img/m3u.png]
[cdnjs.cloudflare.com/ajax/libs/angular-material/1.1.10/angular-material.min.css]
[ajax.googleapis.com/ajax/libs/angularjs/1.6.9/angular.min.js]
[ajax.googleapis.com/ajax/libs/angularjs/1.6.9/angular-animate.min.js]
[ajax.googleapis.com/ajax/libs/angularjs/1.6.9/angular-aria.min.js]
[ajax.googleapis.com/ajax/libs/angularjs/1.6.9/angular-messages.min.js]
[ajax.googleapis.com/ajax/libs/angular_material/1.1.8/angular-material.min.js]
[www2.ip.tv.br/img/internet.png]
[www2.ip.tv.br/img/dispositivos.png]
[www2.ip.tv.br/img/aplicativos.png]
[www2.ip.tv.br/img/configuracao.png]
[www2.ip.tv.br/img/revenda-suporte.png]
[www2.ip.tv.br/img/revenda-tecnologia.png]
[www2.ip.tv.br/img/revenda-servidor.png]
[www2.ip.tv.br/img/painel.jpg]
[ip.tv.br/index.html]
[ip.tv.br/js/fullPage/jquery.fullPage.css]
[ip.tv.br/css/fonts/glyphicons-halflings-regular.eot]
[ip.tv.br/css/fonts/glyphicons-halflings-regulard41d.eot]
[ip.tv.br/css/fonts/glyphicons-halflings-regular.woff]
[ip.tv.br/css/fonts/glyphicons-halflings-regular.ttf]
[ip.tv.br/css/bootstrap.css]
[ip.tv.br/css/bootstrap-theme.min.css]
[ip.tv.br/layout.css]
[ip.tv.br/css/fonts/glyphicons-halflings-regular.svg]
[ip.tv.br/css/font-awesome/fonts/fontawesome-webfonte0a5.eot]
[ip.tv.br/css/font-awesome/fonts/fontawesome-webfontd41d.eot]
[ip.tv.br/css/font-awesome/fonts/fontawesome-webfonte0a5.woff]
[ip.tv.br/css/font-awesome/fonts/fontawesome-webfonte0a5.ttf]
[ip.tv.br/css/font-awesome/css/font-awesome.min.css]
[ip.tv.br/_appdata/img/801ac9fc00525791fd2a48310a07f57d/index.html]
[ip.tv.br/_appdata/img/aab3238922bcc25a6f606eb525ffdc56/index.html]
[ip.tv.br/_appdata/css/aab3238922bcc25a6f606eb525ffdc56.css]
[cdnjs.cloudflare.com/ajax/libs/angular-material/1.1.10/angular-material.min.css]
[ip.tv.br/css/fonts/glyphicons-halflings-regular.svg]
[ip.tv.br/css/font-awesome/fonts/fontawesome-webfonte0a5.html]
[ip.tv.br/css/font-awesome/fonts/fontawesome-webfonte0a5.svg]
[ip.tv.br/css/font-awesome/fonts/fontawesome-webfonte0a5.svg]
[icons.iconarchive.com/icons/dtafalonso/android-l/512/WhatsApp-icon.png]
[www.paypalobjects.com/pt_BR/i/btn/btn_buynow_SM.gif]
[www.paypalobjects.com/pt_BR/i/scr/pixel.gif]
